I'm sorry, but errors were detected in your script. Please correct the
errors listed below, and try again.


File "game/gallery.rpy", line 3: unexpected indent
        g.transition = dissolve
        ^
    

Ren'Py Version: Ren'Py 6.99.12.3.2123
